
SubVersion

原文出处：https://wiki.ubuntu.com/SubVersion
原文作者：ubuntu.com
授权许可：创作共用协议

目录
1SubVersion服务安装设置
1.1简介
1.2假设
1.3本文涉及的范围
1.4安装
1.5服务器配置
1.5.1创建 SVN 仓库
1.6访问方式
1.6.1直接访问文件仓库(file://)
1.6.2通过 WebDAV 协议访问(http://)
1.6.3通过具有安全套接字(SSL)的 WebDAV 协议访问(https:// )
1.6.4通过自带协议访问(svn://)
1.6.5通过具被SSH隧道保护的自带协议访问(svn+ssh://)
1.7参考资料

本文档阐述了如何在 Ubuntu 上设置 Subversion（通常也被称为 svn）。 我们假设本文的读者是具有一定经验的 Linux 用户和系统管理员。

简介
如果您对 Subversion 还比较陌生，本节将给您一个关于 Subversion 的简要介绍。
Subversion 是一款开放源代码的版本控制系统。使用 Subversion， 您可以重新加载源代码和文档的历史版本。 Subversion 管理了源代码在各个时期的版本。一个文件树被集中放置在文件仓库中。这个文件仓库很像是一个传统的文件服务器，只不过它能够记住文件和目录的每一次变化。

假设
首先我们假设您能够在 Ubuntu 中操作 Linux 的命令、编辑文件、启动和停止服务。当然，我们还认为您的 Ubuntu 正在运行中，您可以使用

本文涉及的范围
要通过 HTTP 协议访问 SVN 文件仓库，您需要安装并配置好 Web 服务器。Apache 2 被证实可以很好的与 SVN 一起工作。关于 Apache 2 的安装超出了本文的范围(关于Apache2 的安装可以 另见) ，尽管如此，本文还是会涉及如何配置 Apache 2 使用 SVN。
类似的，要通过 HTTPS 协议访问 SVN 文件仓库，您需要在您的 Apache 2 中安装并配置好数字证书，这也不在本文的讨论范围之中(另见)。

安装
幸运的，Subversion 已经包含在 main 仓库中。所以，要安装 Subversion，您只需要简单的运行：
$ sudo apt-get install subversion$ sudo apt-get install libapache2-svn
如果系统报告了依赖关系的错误，请找出相应的软件包并安装它们。如果存在其它问题，也请自行解决。如果您依然不能解决这些问题，可以考虑通过 Ubuntu 的网站、Wiki、论坛或邮件列表寻求支持。

服务器配置
您应该已经安装了上述的软件包。本节将阐述如何创建 SVN 文件仓库以及如何设置项目的访问权限。

创建 SVN 仓库
许多位置都可以放置 Subversion 文件仓库，其中两个最常用的是：/usr/local/svn 以及 /home/svn。为了在下面的描述中简单明了，我们假设您的 Subversion 文件仓库放在 /home/svn，并且你的项目名称是简单的“myproject”。
同样的，也有许多常用的方式设置文件仓库的访问权限。然而，这也是安装过程中最经常出现错误的地方，因此我们会对此进行一个详细说明。通常的情况下，您应该创建一个名为“Subversion”的用户组，该组是SVN仓库所在的目录的拥有者。下面是一个快速的操作说明，有关内容请参考相关文档的详细说明：
在 Ubuntu 菜单上选择“系统-<系统管理-<用户和组”；
切换到“组”标签；
点击“添加组”按钮；
组名为“subversion”；
将您自己和“www-data”(Apache 用户)加入组成员中；
点击“OK”以确认修改，关闭该程序。
或者使用命令完成上述功能（增加组，并且把用户加到组里）：
sudo addgroup subversionsudo usermod -G subversion -a www-data
再或者直接使用命令编辑组文件"sudo vi /etc/group"，增加组和成员（不推荐）：
$ sudo vi /etc/group
结果看上去，像这样。
$ cat /etc/group|grep subversionsubversion:x:1001:www-data,exp
您需要注销然后再登录以便您能够成为 subversion 组的一员，然后就可以执行签入文件（Check in，也称提交文件）的操作了。
现在执行下面的命令
$ sudo mkdir /home/svn$ cd /home/svn$ sudo mkdir myproject$ sudo chown -R www-data:subversion myproject
下面的命令用于创建 SVN 文件仓库：
$ sudo svnadmin create /home/svn/myproject
赋予组成员对所有新加入文件仓库的文件拥有相应的权限：
$ sudo chmod -R g+rws myproject
如果上面这个命令在创建SVN文件仓库之前运行，你可能在后续Check in的时候遇到如下错误：
Can't open '/home/svn/myproject/db/txn-current-lock': Permission denied
查看txn-current-lock文件的权限和用户以及组信息，应该类似于：
$ ls -l /home/svn/myproject/db/txn-current-lock-rw-rwSr-- 1 root subversion  0  2009-06-18  15:33  txn-current-lock
除了权限以外，用户及其组如果不对，则仍然会遇到上述问题，可以再次运行命令：
$ sudo chown -R www-data:subversion myproject

访问方式
Subversion 文件仓库可以通过许多不同的方式进行访问（Check Out，签出）——通过本地硬盘，或者通过各种网络协议。无论如何，文件仓库的位置总是使用 URL 来表示。下表显示了不同的 URL 模式对应的访问方法：
模式	访问方法
file:///直接访问本地硬盘上文件仓库
http://	通过 WebDAV 协议访问支持 Subversion 的 Apache 2 Web 服务器
https://类似 http://，支持 SSL 加密
svn://	通过自带协议访问 svnserve 服务器
svn+ssh://类似 svn://，支持通过 SSH 通道

本节中，我们将看到如何配置 SVN 以使之能够通过所有的方法得以访问。当然这里我们之讨论基本的方法。要了解更高级的用途，我们推荐您阅读《使用 Subversion 进行版本控制》在线电子书。

直接访问文件仓库(file://)
这是所有访问方式中最简单的。它不需要事先运行任何 SVN 服务。这种访问方式用于访问本地的 SVN 文件仓库。语法是：
$ svn co file:///home/svn/myproject
或者$ svn co file://localhost/home/svn/myproject
注意：如果您并不确定主机的名称，您必须使用三个斜杠(///)，而如果您指定了主机的名称，则您必须使用两个斜杠(//).
对文件仓库的访问权限基于文件系统的权限。如果该用户具有读/写权限，那么他/她就可以签出/提交修改。如果您像前面我们说描述的那样设置了相应的组，您可以简单的将一个用户添加到“subversion”组中以使其具有签出和提交的权限。

通过 WebDAV 协议访问(http://)
要通过 WebDAV 协议访问 SVN 文件仓库，您必须配置您的 Apache 2 Web 服务器。您必须加入下面的代码片段到您的 /etc/apache2/mods-available/dav_svn.conf中：
DAV svnSVNPath /home/svn/myprojectAuthType BasicAuthName "myproject subversion repository"AuthUserFile /etc/subversion/passwd#Require valid-user#
如果需要用户每次登录时都进行用户密码验证，请将与两行注释掉。
当您添加了上面的内容，您必须重新起动 Apache 2 Web 服务器，请输入下面的命令：
sudo /etc/init.d/apache2 restart
接下来，您需要创建 /etc/subversion/passwd 文件，该文件包含了用户授权的详细信息。要添加用户，您可以执行下面的命令：
sudo htpasswd -c /etc/subversion/passwd user_name
它会提示您输入密码，当您输入了密码，该用户就建立了。“-c”选项表示创建新的/etc/subversion/passwd文件，所以user_name所指的用户将是文件中唯一的用户。如果要添加其他用户，则去掉“-c”选项即可：
sudo htpasswd /etc/subversion/passwd other_user_name
您可以通过下面的命令来访问文件仓库：
$ svn co http://hostname/svn/myproject myproject --username user_name
它会提示您输入密码。您必须输入您使用 htpasswd 设置的密码。当通过验证，项目的文件就被签出了。
警告：密码是通过纯文本传输的。如果您担心密码泄漏的问题，我们建议您使用 SSL 加密，有关详情请看下一节。

通过具有安全套接字(SSL)的 WebDAV 协议访问(https:// )
通过具有 SSL 加密的 WebDAV 协议访问 SVN 文件仓库(https:// )非常类似上节所述的内容，除了您必须为您的 Apache 2 Web 服务器设置数字证书之外。
您可以安装由诸如 Verisign 发放的数字签名，或者您可以安装您自己的数字签名。
我们假设您已经为 Apache 2 Web 服务器安装和配置好了相应的数字证书。现在按照上一节所描述的方法访问 SVN 文件仓库，别忘了把 http:// 换成 https://。如何，几乎是一模一样的！

通过自带协议访问(svn://)
当您创建了 SVN 文件仓库，您可以修改 /home/svn/myproject/conf/svnserve.conf 来配置其访问控制。

例如，您可以取消下面的注释符号来设置授权机制：
# [general]# password-db = passwd
现在，您可以在“passwd”文件中维护用户清单。编辑同一目录下“passwd”文件，添加新用户。语法如下：
username = password＃(注意行开始不要有多余空格)
要了解详情，请参考该文件。

现在，您可以在本地或者远程通过 svn://访问 SVN 了，您可以使用“svnserve”来运行 svnserver，语法如下：
$ sudo svnserve -d --foreground -r /home/svn# -d -- daemon mode# --foreground -- run in foreground (useful for debugging)# -r -- root of directory to serve要了解更多信息，请输入：$ svnserve --help
当您执行了该命令，SVN 就开始监听默认的端口(3690)。您可以通过下面的命令来访问文件仓库：
$ svn co svn://hostname/myproject myproject --username user_name
基于服务器的配置，它会要求输入密码。一旦通过验证，就会签出文件仓库中的代码。

要同步文件仓库和本地的副本，您可以执行 update 子命令，语法如下：
$ cd project_dir$ svn update
要了解更多的 SVN 子命令，您可以参考手册。例如要了解 co (checkout) 命令，请执行：
$ svn co --help或者这样$ svn --help commit或者直接☎ svn help cocheckout (co): 从版本库签出工作副本。使用: checkout URL[@REV]... [PATH]。。。。。
一个实例：
☎ killall svnserve; svnserve -d -r /home/svn/
/home/svn/lj12-source/conf ☎ dog *authz:[groups]authz:lj12 = veexpauthz:[lj12-source:/] <- authzveexp ="rwauthz:@lj12"   rwauthz ="passwd:[users]"  -passwdveexp ="iceppasswd:test"   test svnserveconfgeneralsvnserveconfanon-access ="nonesvnserve.conf:auth-access"   writesvnserveconfpassword-db ="passwdsvnserve.conf:authz-db"   authz -authztestpre>
☎ svn co svn://localhost/lj12-source --username veexp认证领域:  a712643f-661e-0410-8ad4-f0554cd88977用户名: veexp “veexp”的密码:A lj12-source/tim.h A lj12-source/en.c......

认证失败的密码缓冲记录位置，明文密码。到1.6版本，可能使用keyring管理。如果调试密码，直接删除如下文件就可。
~/.subversion/auth/svn.simple/:

eea34a6f7baa67a3639cacd6a428dba4

通过具被SSH隧道保护的自带协议访问(svn+ssh://) 
配置和服务器进程于上节所述相同。我们假设您已经运行了“svnserve”命令。
我们还假设您运行了 ssh 服务并允许接入。要验证这一点，请尝试使用 ssh 登录计算机。如果您可以登录，那么大功告成，如果不能，请在执行下面的步骤前解决它。
svn+ssh:// 协议使用 SSH 加密来访问 SVN 文件仓库。如您所知，数据传输是加密的。要访问这样的文件仓库，请输入：

$ svn co svn+ssh://hostname/home/svn/myproject myproject --username user_name

注意：在这种方式下，您必须使用完整的路径(/home/svn/myproject)来访问 SVN 文件仓库
基于服务器的配置，它会要求输入密码。您必须输入您用于登录 ssh 的密码，一旦通过验证，就会签出文件仓库中的代码。
您还应该参考 SVN book 以了解关于 svn+ssh:// 协议的详细信息。

参考资料 
Setting up Apache on Ubuntu
SVN Home page
SVN Book
Apache 2 Documentation
Mod-SSL
Apache-SSL




++++++++++++++++++++++++++++++++++++++++++++++++++++++++++++++++++++++++++++++++++
配置svnserve实现svn://协议访问版本库

#内置的验证和授权
当客户端连接到一个svnserve进程时，下面的流程就会触发：
1)、客户选择一个指定的Repository；
2)、服务处理Repository的配置文件 conf/svnserve.conf文件，并且开始执行在其中定义的所有验证和授权策略；
3)、依赖与情形和授权策略：
(a)客户端也许允许匿名访问而不需要验证，或者
(b)客户但也许需要在任何时候被要求验证，或者
(c)假如处于"隧道模式"中，客户端将声明自己已经可以被外部验证。
很显然，如上所说，用户文件是一个名为svnserve.conf的，放在conf目录下的文件。
现在我们来看看如何配置这个文件：

1.创建仓库 svnadmin create /home/svnrepo
/root/svnrepo为所创建仓库的路径，理论上可以是任何目录

#访问权限设置
2.修改配置文件/home/svnrepo/conf/svnserve.conf
#去掉#[general]前面的#号
[general]
#匿名访问的权限，可以是read,write,none,默认为read
anon-access = none
#认证用户的权限，可以是read,write,none,默认为write
auth-access = write
#密码数据库的路径，去掉前面的#
password-db = passwd

注意：所有的行都必须顶格，否则报错。

3.修改配置文件passwd。
[users]
sxy = sxy
svnuser = password
jesszjessz = jessz 

注意：
a. 一定要去掉[users]前面的#,否则svn只能以匿名用户登录，客户端不会出现登录窗口，除非你的anon不为none,否则将返回一个错误。
b. 这里的密码都是没有加密的，我按照一些教程所说的用htpasswd生成的密码无法使用。

4.配置SVN xinetd启动方式：
在/etc/xinetd.d/下面新建svn文件
service svn
{
disable = no
port = 3690
socket_type = stream
protocol = tcp
wait = no
user = svn
server = /usr/local/bin/svnserve
server_args = -i -r /home/svn
}
重启xinetd   /etc/init.d/xinetd restart

5.停止SVN服务器：killall svnserve

6.启动SVN服务器
a).对于单个代码仓库: svnserve -d -r /home/svn --listen-host 192.168.1.16
其中-d表示在后台运行，-r指定服务器的根目录，这样访问服务器时就可以直接用svn://服务器ip来访问了。如果服务器有多ip的话--listen-host来指定监听的ip地址.
我们可以在svn客户端中通过svn://192.168.1.16来访问svn服务器
b).对于多个代码仓库,我们在启动时也可以用-r选项来指定服务器根目录,但访问时需要写上每个仓库相对于svn根目录的相对路径.
比 如,我们有两个代码仓库/home/repo1 和/home/repo2,我们用svnserve -d -r /home--listen-host 192.168.1.16来启动,那么在客户端访问时可以用svn://192.168.1.16/repo1和svn://192.168.1.16/repo2来分别访问两个项目

(1).检查是否正常启动
$ netstat -ntlp
可以看到有一个端口为3690的地址，表示启动成功
(2).局域网访问，checkout出来SVN库的文件
svn checkout svn://SvnIp地址/mypro

7.开放服务器端口
svn默认端口是3690，你需要在防火墙上开放这个端口。
/sbin/iptables -A INPUT -i eth0 -p tcp --dport 3690 -j ACCEPT
/sbin/service iptables save
你也可以通过svnserve的--listen-port选项来指定一个已经开放的其他端口,不过这样的话客户端使用也必须家上端口,如svn://192.168.1.200:9999/.

8.使用svn客户端导入项目

推荐使用客户端 http://tortoisesvn.tigris.org/
eclipse插件 http://subclipse.tigris.org/



++++++++++++++++++++++++++++++++++++++++++++++++++++++++++++++++++++++++++++++++++
在Ubuntu下使用Apache配置Subversion实现http://协议访问版本库
1.安装必要软件
$ sudo apt-get install subversionlibapache2-svnapache2
2.修改apache配置文件/etc/apache2/mods-available/dav_svn.conf
mypro<
DAV svn
SVNPath /home/xiaozhe/svn/mypro
AuthType Basic
AuthName "myproject subversion repository"
AuthUserFile /etc/subversion/passwd
#
Require valid-user
#

如果需要用户每次登录时都进行用户密码验证，请将与两行注释掉。
当您添加了上面的内容，您必须重新起动 Apache 2 Web 服务器，请输入下面的命令：
$ sudo /etc/init.d/apache2 restart

3.创建 /etc/subversion/passwd 文件，该文件包含了用户授权的详细信息
$ sudo htpasswd -c /etc/subversion/passwd user_name
它会提示您输入密码，当您输入了密码，该用户就建立了。“-c”选项表示创建新的/etc/subversion/passwd文件，所以user_name所指的用户将是文件中唯一的用户。如果要添加其他用户，则去掉“-c”选项即可：$ sudo htpasswd /etc/subversion/passwd other_user_name
4.您可以通过下面的命令来访问文件仓库：
$ svn co http://hostname/svn/myproject myproject --username user_name
或者通过浏览器：http://hostname/svn/myproject


++++++++++++++++++++++++++++++++++++++++++++++++++++++++++++++++++++++++++++++++++++++
svn ignore:

若想创建了一个文件夹，并且把它加入版本控制，但忽略文件夹中的所有文件的内容：
$ svn mkdir spool
$ svn propset svn:ignore '*' spool
$ svn ci -m 'Adding "spool" and ignoring its contents.'

若想创建一个文件夹，但不加入版本控制，即忽略这个文件夹：
$ mkdir spool
$ svn propset svn:ignore 'spool' .
$ svn ci -m 'Ignoring a directory called "spool".'


若已经创建了文件夹，并加入了版本控制，现在想忽略这个文件夹，但要保持文件夹的内容：
$ svn export spool spool-tmp
$ svn rm spool
$ svn ci -m 'Removing inadvertently added directory "spool".'
$ mv spool-tmp spool
$ svn propset svn:ignore 'spool' .
$ svn ci -m 'Ignoring a directory called "spool".'


++++++++++++++++++++++++++++++++++++++++++++++++++++++++++++++++++++++++++++++++++++++
名词说明：

WC：Working Copy 你的工作区

Versioned：受控的；受版本控制的

 

SVN是什么？

 

    SVN是开源的版本控制系统。
    比CVS更多的特性。一个更好的CVS？因此SVN具有大部分CVS拥有的特性。
    不仅仅是文件受控，目录也加入版本控制。
    复制，删除，重命名这些操作都是受控的。
    特殊作用的元数据（属性）。
    提交事务原子性。提交完成之前任何一个部分都不会正真生效。版本号基于提交，而不是基于文件。提交时的log message也是依附于提交的那个版本。
    创建分支和标记非常简单。简单的通过copy命令就可以创建分支和标记。
    合并跟踪。在合并时协助你处理所有的更改点。
    文件锁定。svn支持文件锁定修改策略。
    Unix的link可以受控了。前提是WC必须在Unix下。
    可选的Apache network server，基于WEBDAV/DeltaV 协议。熟悉Apache的管理员会很喜欢这一点。
    内置的server选择（svnserve）。如果不想用Apache，可以试试Svn自己的server：svnserve。同样也能提供授权和验证，ssh通道等功能。
    方便解析的输出。svn的输出尽量做到方便阅读和方便机器解析。
    冲突解决交互性良好。svn命令行客户端提供多种不同的方式解决冲突。
    svn提供一个实用工具，svnsync来实现从主库到只读附属库的同步。
    持续写入代理功能让只读的附属库专门处理所有的读请求。所有的写请求交给主库处理。这个功能只在使用Apache WebDAV server的时候才有效。
    基于本地化的客户机服务器体系，分层的库，明晰的API方便扩展。
    高效处理二进制文件。
    性能消耗与更改点的数量成正比。
    svn的api可以和多种语言集成。Python，Perl,Java,Ruby（svn本身是用C写的）
    ChangeLists功能。

Svn的安装分客户端和服务端。

你可以在如下地址找到下载：http://subversion.tigris.org/

这篇文章主要介绍的是svn客户端的命令，你至少需要安装客户端。默认就是以SVN做版本控制的。如果你不想在自己机器上安装服务版，google code是个练习svn命令的好地方。

http://code.google.com上申请托管项目很简单，但是现在不支持svn lock。目前最大支持1G空间。

 

以下是svn客户端常用命令一览：

 

svn add [path]

别名：无

描述：添加文件或目录到你的wc，打上新增标记。这些文件会在下一次你提交wc的时候提交到svn服务器。

在提交前，你也可以用svn revert撤销新增的文件。

访问库：否

eg: svn add file.cpp

 

svn blame Target[@REV]

别名：praise,annotate,ann

描述：显示某个已受控文件的每一行的最后修改版本和作者

访问库：是

eg: svn blame file.cpp

eg: svn blame --xml file.cpp  ##加上xml参数可以以xml格式显示每一行的属性。

 

svn cat TARGET[@REV]

别名：无

描述：输出指定目标的内容，这里的目标一般是文件。

访问库：是

eg:svn cat file.cpp

eg:svn cat file.cpp -r 2 ##显示版本号为二的file.cpp内容。

eg:svn cat file.cpp --revision HEAD ##显示最新版本的file.cpp内容。

 

svn changelist CLNAME TARGET...

svn changelist --remove TARGET

别名：cl

描述：可以将wc中的文件从逻辑上分组.

访问库：否

eg:svn cl clName file.cpp file2.cpp file3.cpp  ##将file.cpp等三个文件加入名叫clName的changelist 

eg:svn commit --changelist clName -m "ci"  ##将clName下的所有文件提交

 

svn checkout URL[@REV]... [PATH]

别名：co

描述：检出

访问库：否

eg:svn checkout file:///var/svn/repos/test  file:///var/svn/repos/quiz working-copies

eg:svn checkout -r 2 file:///var/svn/repos/test mine  ##check out 版本号为2的项目

 

svn cleanup [PATH...]

别名：无

描述：递归的清理WC中过期的锁和未完成的操作。

访问库：否

eg：svn cleanup

 

svn commit [PATH...]

别名：ci

描述：把你WC的更改提交到仓库

访问库：是

eg：svn commit -m "added howto section." ##默认情况下提交必须提供log message 

 

svn copy SRC[@REV]... DST

别名：cp

描述:copy操作可以从WC到WC；WC到URL；URL到WC；URL到URL。现在SVN只支持同一个仓库内文件的拷贝，不允许跨仓库操作。

访问库：是

eg：svn copy -r 11 file:///var/svn/repos/test/trunk \

           file:///var/svn/repos/test/tags/0.6.32-prerelease \

           -m "Forgot to tag at rev 11"

##copy命令是创建分支和标记的常用方式。copy到url的操作隐含了提交动作，所以需要提供log messages。

 

svn delete PATH...

别名：del，remove，rm

描述：删除

访问库：如果PATH是库地址时会，删除WC内的文件不会。

eg：svn del localfile.cpp    ##删除WC里的文件，在下一次提交WC的时候才会真正在仓库里将对应文件删除。

eg: svn del file:///var/svn/repos/test/yourfile  ##删除仓库里的文件

 

svn diff

别名：di

描述：用来比较并显示修改点。

访问库：

eg：svn diff   ##最常用的方式，用来显示WC基于最近一次更新以后的所有的本地修改点。

eg：svn diff -r 301 bin ## 比较WC和版本301中的bin目录的修改点

eg：svn diff -r 3000:3500 file:///var/svn/repos/myProject/trunk   ##比较库里主干3000版和3500版的差异。

eg：svn diff --summarize --xml http://svn.red-bean.com/repos/test@r2 http://svn.red-bean.com/repos/test  ##--summarize --xml 参数将差异情况以xml文档的方式显示出来。

 

svn export [-r REV] URL[@PEGREV] [PATH]

svn export [-r REV] PATH1[@PEGREV] [PATH2]

别名：无

描述：导出一个干净的目录树，不包含所有的受控信息。可以选择从URL或WC中导出。

访问库：如果访问的是URL则会。

eg：svn export file:///var/svn/repos my-export   ##导出到my-export目录。

 

svn help — Help!

别名：?,h

描述：不用解释了

访问库：否。

 

svn import [PATH] URL

别名：无

描述：导入本地一个目录到库中。但是导入后，本地的目录并不会处于受控状态。

访问库：是。

eg：svn import -m "New import" myproj http://svn.myProject.com/repos/trunk/misc

 

svn info [TARGET[@REV]...]

别名：无

描述：显示指定WC和URL信息。

访问库：仅当访问的是库路径时。

eg：svn info --xml http://svn.myProject.com/repos/test  ##将信息以xml格式显示。

 

svn list [TARGET[@REV]...]

别名：ls

描述：显示目标下的文件和目录列表。

访问库：如果访问的是库地址就会。

eg：svn list --verbose file:///var/svn/repos   ##--verbose参数表示显示详细信息。

 

svn lock TARGET...

别名：无

描述：对目标获得修改锁。如果目标已被其他用户锁定，则会抛出警告信息。用--force参数强制从其他用户那里获得锁。

访问库：是

eg：svn lock --force tree.jpg

 

svn log [PATH]

svn log URL[@REV] [PATH...]

别名：无

描述：从库中显示log消息。log消息代码 A ：added  D：deleted  M：modified  R：replaced

访问库：是

eg：svn log -v http://svn.myProject.com/repos/test/ foo.c bar.c   ##详细显示指定URL的库中foo.c和bar.c所有版本的log信息。

eg：svn log -r 14:15    ##显示当前WC的14和15版本log信息。

eg：##如果版本号不连续，只能采用如下方式。

$ svn log -r 14 > mylog

$ svn log -r 19 >> mylog

$ svn log -r 27 >> mylog

 

svn merge sourceURL1[@N] sourceURL2[@M] [WCPATH]

svn merge sourceWCPATH1@N sourceWCPATH2@M [WCPATH]

svn merge [[-c M]... | [-r N:M]...] [SOURCE[@REV] [WCPATH]]

别名：无

描述：合并两个受控源的不同之处，存放到一个WC里。

访问库：只有当访问库地址时。

eg：svn merge --reintegrate http://svn.example.com/repos/calc/branches/my-calc-branch  ##合并分支上的改变项到WC，往往用于分支合并到主干。

eg：svn merge -r 156:157 http://svn.example.com/repos/calc/branches/my-calc-branch   ##将制定URL版本156到157的所有更新合并到WC。

 

svn mkdir PATH...

svn mkdir URL...

别名：无

描述：在WC或库路径创建目录

访问库：只有当访问库地址时。

eg：svn mkdir newdir

 

svn move SRC... DST

别名：mv, rename, ren

描述：等同于svn copy命令跟个svn delete命令。WC到URL的重命名是不被允许的。

访问库：只有当访问库地址时。

eg：svn move foo.c bar.c  ##将foo.c改名成bar.c。

 

svn propdel PROPNAME [PATH...]

svn propdel PROPNAME --revprop -r REV [TARGET]

别名：pdel, pd

描述：从受控文件，目录等删除属性。第二种是删除某个指定版本上的附加属性。

访问库：只有当访问库地址时。

eg：svn propdel svn:mime-type someFile    ##从someFile上移除svn:mime-type这个属性。

 

svn propedit PROPNAME TARGET...

svn propedit PROPNAME --revprop -r REV [TARGET]

别名：pedit, pe

描述：编辑属性

访问库：只有当访问库地址时。

eg：svn propedit svn:keywords  file.c  ##修改file.c上的svn:keywords属性。

 

svn propget PROPNAME [TARGET[@REV]...]

svn propget PROPNAME --revprop -r REV [URL]

别名：pget,pg

描述：从文件，目录或版本取得指定属性的值。

访问库：只有当访问库地址时。

eg：svn propget svn:keywords file.c   ##从file.c中取得svn:keywords属性的值

 

svn proplist [TARGET[@REV]...]

svn proplist --revprop -r REV [TARGET]

别名：plist, pl

描述：列出文件、目录或版本上的所有附加属性

访问库：只有当访问库地址时。

eg：svn proplist --verbose file.c

 

svn propset PROPNAME [PROPVAL | -F VALFILE] PATH...

svn propset PROPNAME --revprop -r REV [PROPVAL | -F VALFILE] [TARGET]

别名：pset,ps

描述：给文件、目录或版本附加属性并赋值

访问库：只有当访问库地址时。

eg：svn propset svn:mime-type image/jpeg file.jpg   ##给file.jpg附加属性svn:mime-type 其值为image/jpeg

eg:svn propset --revprop -r 25 svn:log "Journaled about trip to New York."

##给版本25补上log message

eg:svn propset svn:ignore '.classpath' . 

##在本地忽略掉.classpath文件

 

svn resolve PATH...

别名：无

描述：将冲突的文件标记为已解决，并且删掉冲突产生的临时文件。注意这个命令并不是能把冲突解决，解决冲突还是得靠人工。

访问库：否

eg：svn resolve --accept mine-full foo.c   ##1.5版本后，加上--accept参数，尝试自动处理冲突。

 

svn resolved PATH...

别名：无

描述：已过时，被resolve --accept取代。去除冲突的状态和冲突临时文件。

访问库：否

 

svn revert PATH...

别名：无

描述：还原WC中所有的本地更改。

访问库：否

eg：svn revert --depth=infinity .   ##将整个目录所有文件还原

 

svn status [PATH...]

别名：stat, st

描述：输出WC中文件和目录的状态。如果WC提交，这些状态就会同步到库里。

一般状态有         ' '  没有修改

'A'  新增

'D'  删除

'M'  修改

'R'  替代

'C'  冲突

'I'  忽略

'?'  未受控

'!'  丢失，一般是将受控文件直接删除导致

访问库：加上--show-updates参数时会

eg：svn status wc

 

svn switch URL[@PEGREV] [PATH]

svn switch --relocate FROM TO [PATH...]

别名：sw

描述：将WC转向一个其他的库地址同步

访问库：是

eg：svn sw http://svn.myProject.com/repos/trunk/vendors .  ##将当前WC切换到另一个URL

 

svn unlock TARGET...

别名：无

描述：解锁

访问库：是

eg：svn unlock somefile

 

svn update [PATH...]

别名：up

描述：更新WC，更新反馈有如下几种分类。

        A  新增

B  锁破坏

D  删除

U  更新

C  冲突

G  合并

E  存在的

访问库：是

eg：svn up -r22   ##更新到一个指定版本


